Microchip MPLAB XC8 Compiler V2.40

Linker command line:

-W-3 \
  --edf=C:\Program Files\Microchip\xc8\v2.40\pic\dat\20220703182018_en.msgs \
  -cn -h+dist/default/production\Proyecto_2_f.X.production.sym \
  --cmf=dist/default/production\Proyecto_2_f.X.production.cmf -z -Q16F887 \
  -oC:\Users\Edgar\AppData\Local\Temp\xcAsd60.5 --defsym=__MPLAB_BUILD=1 \
  --fixupoverflow=error \
  -Mdist/default/production/Proyecto_2_f.X.production.map \
  --md=C:\Users\Edgar\AppData\Local\Temp\xcAsd60.dat -E1 -ver=XC8 Compiler \
  --acfsm=1493 -ACODE=00h-07FFhx4 -ASTRCODE=00h-01FFFh -ASTRING=00h-0FFhx32 \
  -ACONST=00h-0FFhx32 -AENTRY=00h-0FFhx32 -ACOMMON=070h-07Fh \
  -ABANK0=020h-06Fh -ABANK1=0A0h-0EFh -ABANK2=0110h-016Fh \
  -ABANK3=0190h-01EFh -ARAM=020h-06Fh,0A0h-0EFh,0110h-016Fh,0190h-01EFh \
  -AABS1=020h-07Fh,0A0h-0EFh,0110h-016Fh,0190h-01EFh -ASFR0=00h-01Fh \
  -ASFR1=080h-09Fh -ASFR2=0100h-010Fh -ASFR3=0180h-018Fh \
  -ACONFIG=02007h-02008h -DCONFIG=2 -AIDLOC=02000h-02003h -DIDLOC=2 \
  -AEEDATA=00h-0FFh/02100h -peeprom_data=EEDATA -DEEDATA=2 -DCODE=2 \
  -DSTRCODE=2 -DSTRING=2 -DCONST=2 -DENTRY=2 \
  -preset_vec=00h,intentry=04h,init,end_init -ppowerup=CODE -pcinit=CODE \
  -pfunctab=ENTRY -k C:\Users\Edgar\AppData\Local\Temp\xcAsd60.o \
  dist/default/production\Proyecto_2_f.X.production.o 

Object code version is 3.11

Machine type is 16F887



                Name                               Link     Load   Length Selector   Space Scale
C:\Users\Edgar\AppData\Local\Temp\xcAsd60.o
                end_init                             10       10        3        8       0
                reset_vec                             0        0        3        0       0
                config                             2007     2007        2        0       4
                idloc                              2000     2000        4        0       5
dist/default/production\Proyecto_2_f.X.production.o
                cinit                                13       13       27        8       0
                intentry                              4        4        C        8       0
                config                             2007     2007        2        0       4
                idloc                              2000     2000        4        0       5
                text11                              DA8      DA8      258     1B50       0
                text10                              BD5      BD5      1D3     17AA       0
                text9                               7C5      7C5       27        8       0
                text8                                3A       3A      345        8       0
                text7                               929      929       8E     1252       0
                text6                               B1D      B1D       B8     163A       0
                text5                               A66      A66       B7     14CC       0
                text4                               37F      37F      26A        8       0
                text3                               8ED      8ED       17     11DA       0
                text2                               9B7      9B7       AF     136E       0
                text1                               904      904       25     1208       0
                maintext                            5E9      5E9      1DC        8       0
                cstackBANK0                          20       20       50       20       1
                cstackCOMMON                         70       70        E       70       1
                cstackBANK1                          C5       C5       14       A0       1
                cstackBANK3                         190      190        4      190       1
                clrtext                             7EC      7EC        8        8       0
                dataBANK1                            D9       D9        4       A0       1
                bssBANK1                             A0       A0       25       A0       1
                idataBANK1                          7F4      7F4        4        8       0

TOTAL           Name                               Link     Load   Length     Space
        CLASS   CODE           
                end_init                             10       10        3         0
                cinit                                13       13       27         0
                intentry                              4        4        C         0
                reset_vec                             0        0        3         0
                text11                              DA8      DA8      258         0
                text10                              BD5      BD5      1D3         0
                text9                               7C5      7C5       27         0
                text8                                3A       3A      345         0
                text7                               929      929       8E         0
                text6                               B1D      B1D       B8         0
                text5                               A66      A66       B7         0
                text4                               37F      37F      26A         0
                text3                               8ED      8ED       17         0
                text2                               9B7      9B7       AF         0
                text1                               904      904       25         0
                maintext                            5E9      5E9      1DC         0
                clrtext                             7EC      7EC        8         0
                idataBANK1                          7F4      7F4        4         0

        CLASS   STRCODE        

        CLASS   STRING         

        CLASS   CONST          

        CLASS   ENTRY          

        CLASS   COMMON         
                cstackCOMMON                         70       70        E         1

        CLASS   BANK0          
                cstackBANK0                          20       20       50         1

        CLASS   BANK1          
                cstackBANK1                          C5       C5       14         1
                dataBANK1                            D9       D9        4         1
                bssBANK1                             A0       A0       25         1

        CLASS   BANK2          

        CLASS   BANK3          
                cstackBANK3                         190      190        4         1

        CLASS   RAM            

        CLASS   ABS1           
                abs_s1                               7E       7E        2         1

        CLASS   SFR0           

        CLASS   SFR1           

        CLASS   SFR2           

        CLASS   SFR3           

        CLASS   CONFIG         
                config                             2007     2007        2         4

        CLASS   IDLOC          
                idloc                              2000     2000        4         5

        CLASS   EEDATA         

        CLASS   STACK          



SEGMENTS        Name                           Load    Length   Top    Selector   Space  Class     Delta

                reset_vec                      000000  000003  000003         0       0  CODE        2
                intentry                       000004  0007F4  0007F8         8       0  CODE        2
                cstackBANK0                    000020  000050  000070        20       1  BANK0       1
                cstackCOMMON                   000070  00000E  00007E        70       1  COMMON      1
                bssBANK1                       0000A0  00003D  0000DD        A0       1  BANK1       1
                cstackBANK3                    000190  000004  000194       190       1  BANK3       1
                text3                          0008ED  000017  000904      11DA       0  CODE        2
                text1                          000904  000025  000929      1208       0  CODE        2
                text7                          000929  00008E  0009B7      1252       0  CODE        2
                text2                          0009B7  0000AF  000A66      136E       0  CODE        2
                text5                          000A66  0000B7  000B1D      14CC       0  CODE        2
                text6                          000B1D  0000B8  000BD5      163A       0  CODE        2
                text10                         000BD5  0001D3  000DA8      17AA       0  CODE        2
                text11                         000DA8  000258  001000      1B50       0  CODE        2


UNUSED ADDRESS RANGES

        Name                Unused          Largest block    Delta
        BANK1            00DD-00EF             13           1
        BANK2            0110-016F             60           1
        BANK3            0194-01EF             5C           1
        CODE             0003-0003              1           2
                         07F8-08EC              8
                         1000-1FFF            800
        CONST            0003-0003              1           2
                         07F8-08EC              8
                         1000-1FFF            100
        EEDATA           2100-21FF            100           2
        ENTRY            0003-0003              1           2
                         07F8-08EC              8
                         1000-1FFF            100
        RAM              00DD-00EF             13           1
                         0110-016F             60
                         0194-01EF             5C
        SFR0             0000-001F             20           1
        SFR1             0080-009F             20           1
        SFR2             0100-010F             10           1
        SFR3             0180-018F             10           1
        STRCODE          0003-0003              1           2
                         07F8-08EC             F5
                         1000-1FFF           1000
        STRING           0003-0003              1           2
                         07F8-08EC              8
                         1000-1FFF            100

                                  Symbol Table

?__Umul8_16              cstackCOMMON 0070
?___fladd                cstackBANK0  0054
?___fldiv                cstackBANK0  0020
?___flmul                cstackBANK0  003A
?___fltol                cstackBANK0  0068
?___xxtofl               cstackCOMMON 0070
?_map                    cstackBANK1  00C7
_ADCON0bits              (abs)        001F
_ADCON1bits              (abs)        009F
_ADIF                    (abs)        0066
_ADRESH                  (abs)        001E
_ADRESL                  (abs)        009E
_ANSEL                   (abs)        0188
_ANSELH                  (abs)        0189
_BAUDCTLbits             (abs)        0187
_CCP1CON                 (abs)        0017
_CCP1CONbits             (abs)        0017
_CCP2CON                 (abs)        001D
_CCP2CONbits             (abs)        001D
_CCPR1L                  (abs)        0015
_CCPR2L                  (abs)        001B
_EEADR                   (abs)        010D
_EECON1bits              (abs)        018C
_EECON2                  (abs)        018D
_EEDAT                   (abs)        010C
_GIE                     (abs)        005F
_INTCONbits              (abs)        000B
_IOCBbits                (abs)        0096
_OPTION_REGbits          (abs)        0081
_OSCCONbits              (abs)        008F
_PIE1bits                (abs)        008C
_PIR1bits                (abs)        000C
_PORTA                   (abs)        0005
_PORTB                   (abs)        0006
_PORTBbits               (abs)        0006
_PORTC                   (abs)        0007
_PORTD                   (abs)        0008
_PORTDbits               (abs)        0008
_PORTE                   (abs)        0009
_RCREG                   (abs)        001A
_RCSTAbits               (abs)        0018
_RD                      (abs)        0C60
_SPBRG                   (abs)        0099
_SPBRGH                  (abs)        009A
_T0IE                    (abs)        005D
_T0IF                    (abs)        005A
_T2CONbits               (abs)        0012
_TMR0                    (abs)        0001
_TRISA                   (abs)        0085
_TRISB                   (abs)        0086
_TRISC                   (abs)        0087
_TRISCbits               (abs)        0087
_TRISD                   (abs)        0088
_TRISE                   (abs)        0089
_TXSTAbits               (abs)        0098
_WPUBbits                (abs)        0095
_WR                      (abs)        0C61
__Habs1                  abs1         0000
__Hbank0                 bank0        0000
__Hbank1                 bank1        0000
__Hbank2                 bank2        0000
__Hbank3                 bank3        0000
__HbssBANK1              bssBANK1     0000
__Hcinit                 cinit        003A
__Hclrtext               clrtext      0000
__Hcode                  code         0000
__Hcommon                common       0000
__Hconfig                config       2009
__HcstackBANK0           cstackBANK0  0000
__HcstackBANK1           cstackBANK1  0000
__HcstackBANK3           cstackBANK3  0000
__HcstackCOMMON          cstackCOMMON 0000
__HdataBANK1             dataBANK1    0000
__Heeprom_data           eeprom_data  0000
__Hend_init              end_init     0013
__Hfunctab               functab      0000
__HidataBANK1            idataBANK1   0000
__Hidloc                 idloc        2004
__Hinit                  init         0010
__Hintentry              intentry     0010
__Hmaintext              maintext     0000
__Hpowerup               powerup      0000
__Hram                   ram          0000
__Hreset_vec             reset_vec    0003
__Hsfr0                  sfr0         0000
__Hsfr1                  sfr1         0000
__Hsfr2                  sfr2         0000
__Hsfr3                  sfr3         0000
__Hspace_0               (abs)        1000
__Hspace_1               (abs)        0194
__Hspace_2               (abs)        0000
__Hspace_3               (abs)        0000
__Hspace_4               (abs)        4010
__Hstack                 stack        0000
__Hstrings               strings      0000
__Htext                  text         0000
__Labs1                  abs1         0000
__Lbank0                 bank0        0000
__Lbank1                 bank1        0000
__Lbank2                 bank2        0000
__Lbank3                 bank3        0000
__LbssBANK1              bssBANK1     0000
__Lcinit                 cinit        0013
__Lclrtext               clrtext      0000
__Lcode                  code         0000
__Lcommon                common       0000
__Lconfig                config       0000
__LcstackBANK0           cstackBANK0  0000
__LcstackBANK1           cstackBANK1  0000
__LcstackBANK3           cstackBANK3  0000
__LcstackCOMMON          cstackCOMMON 0000
__LdataBANK1             dataBANK1    0000
__Leeprom_data           eeprom_data  0000
__Lend_init              end_init     0010
__Lfunctab               functab      0000
__LidataBANK1            idataBANK1   0000
__Lidloc                 idloc        0000
__Linit                  init         0010
__Lintentry              intentry     0004
__Lmaintext              maintext     0000
__Lpowerup               powerup      0000
__Lram                   ram          0000
__Lreset_vec             reset_vec    0000
__Lsfr0                  sfr0         0000
__Lsfr1                  sfr1         0000
__Lsfr2                  sfr2         0000
__Lsfr3                  sfr3         0000
__Lspace_0               (abs)        0000
__Lspace_1               (abs)        0000
__Lspace_2               (abs)        0000
__Lspace_3               (abs)        0000
__Lspace_4               (abs)        0000
__Lstack                 stack        0000
__Lstrings               strings      0000
__Ltext                  text         0000
__S0                     (abs)        1000
__S1                     (abs)        0194
__S3                     (abs)        0000
__Umul8_16               text9        07C5
__Umul8_16@multiplicand  cstackCOMMON 0070
__Umul8_16@multiplier    cstackCOMMON 0078
__Umul8_16@product       cstackCOMMON 0074
__Umul8_16@word_mpld     cstackCOMMON 0076
___fladd                 text11       0DA8
___fladd@a               cstackBANK0  0058
___fladd@aexp            cstackBANK0  0065
___fladd@b               cstackBANK0  0054
___fladd@bexp            cstackBANK0  0066
___fladd@grs             cstackBANK0  0067
___fladd@signs           cstackBANK0  0064
___fldiv                 text10       0BD5
___fldiv@a               cstackBANK0  0020
___fldiv@aexp            cstackBANK0  0039
___fldiv@b               cstackBANK0  0024
___fldiv@bexp            cstackBANK0  0038
___fldiv@grs             cstackBANK0  0034
___fldiv@new_exp         cstackBANK0  0032
___fldiv@rem             cstackBANK0  002D
___fldiv@sign            cstackBANK0  0031
___flmul                 text8        003A
___flmul@a               cstackBANK0  003E
___flmul@aexp            cstackBANK0  004C
___flmul@b               cstackBANK0  003A
___flmul@bexp            cstackBANK0  004D
___flmul@grs             cstackBANK0  0048
___flmul@prod            cstackBANK0  004E
___flmul@sign            cstackBANK0  0047
___flmul@temp            cstackBANK0  0052
___fltol                 text7        0929
___fltol@exp1            cstackBANK1  00C6
___fltol@f1              cstackBANK0  0068
___fltol@sign1           cstackBANK1  00C5
___int_sp                stack        0000
___latbits               (abs)        0002
___sp                    stack        0000
___stackhi               (abs)        0000
___stacklo               (abs)        0000
___xxtofl                text6        0B1D
___xxtofl@arg            cstackCOMMON 007A
___xxtofl@exp            cstackCOMMON 0079
___xxtofl@sign           cstackCOMMON 0078
___xxtofl@val            cstackCOMMON 0070
__end_of__Umul8_16       text9        07EC
__end_of___fladd         text11       1000
__end_of___fldiv         text10       0DA8
__end_of___flmul         text8        037F
__end_of___fltol         text7        09B7
__end_of___xxtofl        text6        0BD5
__end_of__initialization cinit        0036
__end_of_isr             text4        05E9
__end_of_main            maintext     07C5
__end_of_map             text5        0B1D
__end_of_readFromEEPROM  text3        0904
__end_of_setup           text2        0A66
__end_of_writeToEEPROM   text1        0929
__initialization         cinit        0013
__pbssBANK1              bssBANK1     00A0
__pcstackBANK0           cstackBANK0  0020
__pcstackBANK1           cstackBANK1  00C5
__pcstackBANK3           cstackBANK3  0190
__pcstackCOMMON          cstackCOMMON 0070
__pdataBANK1             dataBANK1    00D9
__pidataBANK1            idataBANK1   07F4
__pintentry              intentry     0004
__pmaintext              maintext     05E9
__ptext1                 text1        0904
__ptext10                text10       0BD5
__ptext11                text11       0DA8
__ptext2                 text2        09B7
__ptext3                 text3        08ED
__ptext4                 text4        037F
__ptext5                 text5        0A66
__ptext6                 text6        0B1D
__ptext7                 text7        0929
__ptext8                 text8        003A
__ptext9                 text9        07C5
_counter1                bssBANK1     00C0
_counter2                bssBANK1     00BF
_counter3                bssBANK1     00BE
_counter4                bssBANK1     00BD
_flag                    bssBANK1     00BB
_isr                     text4        037F
_isr$648                 cstackBANK1  00D6
_isr$652                 cstackBANK1  00D7
_main                    maintext     05E9
_map                     text5        0A66
_pot3                    bssBANK1     00C4
_pot4                    bssBANK1     00C3
_pot5                    bssBANK1     00C2
_pot6                    bssBANK1     00C1
_readFromEEPROM          text3        08ED
_servo                   bssBANK1     00A0
_setup                   text2        09B7
_state                   bssBANK1     00BA
_toggle                  dataBANK1    00D9
_valTmr0                 dataBANK1    00DC
_writeToEEPROM           text1        0904
btemp                    (abs)        007E
clear_ram0               clrtext      07EC
end_of_initialization    cinit        0036
interrupt_function       intentry     0004
intlevel0                functab      0000
intlevel1                functab      0000
intlevel2                functab      0000
intlevel3                functab      0000
intlevel4                functab      0000
intlevel5                functab      0000
map@x                    cstackBANK1  00C7
map@x0                   cstackBANK1  00C9
map@x1                   cstackBANK1  00CB
map@y0                   cstackBANK1  00CD
map@y1                   cstackBANK1  00CF
readFromEEPROM@address   cstackBANK1  00D8
reset_vec                reset_vec    0000
saved_w                  (abs)        007E
start                    init         0010
start_initialization     cinit        0013
writeToEEPROM@address    cstackBANK1  00D8
writeToEEPROM@data       cstackBANK3  0190
wtemp0                   (abs)        007E


MODULE INFORMATION

Module		Function		Class		Link	Load	Size
C:\Program Files\Microchip\xc8\v2.40\pic\sources\c90\common\fltol.c
		___fltol       		CODE           	0929	0000	142

C:\Program Files\Microchip\xc8\v2.40\pic\sources\c90\common\fltol.c estimated size: 142

C:\Program Files\Microchip\xc8\v2.40\pic\sources\c90\common\sprcmul.c
		___flmul       		CODE           	003A	0000	837

C:\Program Files\Microchip\xc8\v2.40\pic\sources\c90\common\sprcmul.c estimated size: 837

C:\Program Files\Microchip\xc8\v2.40\pic\sources\c90\common\sprcdiv.c
		___fldiv       		CODE           	0BD5	0000	467

C:\Program Files\Microchip\xc8\v2.40\pic\sources\c90\common\sprcdiv.c estimated size: 467

C:\Program Files\Microchip\xc8\v2.40\pic\sources\c90\common\Umul8_16.c
		__Umul8_16     		CODE           	07C5	0000	39

C:\Program Files\Microchip\xc8\v2.40\pic\sources\c90\common\Umul8_16.c estimated size: 39

shared
		__initialization		CODE           	0013	0000	35

shared estimated size: 35

C:\Program Files\Microchip\xc8\v2.40\pic\sources\c90\common\sprcadd.c
		___fladd       		CODE           	0DA8	0000	600

C:\Program Files\Microchip\xc8\v2.40\pic\sources\c90\common\sprcadd.c estimated size: 600

main.c
		_writeToEEPROM 		CODE           	0904	0000	37
		_readFromEEPROM		CODE           	08ED	0000	23
		_map           		CODE           	0A66	0000	183
		_main          		CODE           	05E9	0000	476
		_isr           		CODE           	037F	0000	618
		_setup         		CODE           	09B7	0000	175

main.c estimated size: 1512

C:\Program Files\Microchip\xc8\v2.40\pic\sources\c90\common\xxtofl.c
		___xxtofl      		CODE           	0B1D	0000	184

C:\Program Files\Microchip\xc8\v2.40\pic\sources\c90\common\xxtofl.c estimated size: 184

