Microchip MPLAB XC8 Compiler V2.40

Linker command line:

-W-3 \
  --edf=C:\Program Files\Microchip\xc8\v2.40\pic\dat\20220703182018_en.msgs \
  -cn -h+dist/default/production\Slave_2.X.production.sym \
  --cmf=dist/default/production\Slave_2.X.production.cmf -z -Q16F887 \
  -oC:\Users\Edgar\AppData\Local\Temp\xcAsdns.4 --defsym=__MPLAB_BUILD=1 \
  --fixupoverflow=error -Mdist/default/production/Slave_2.X.production.map \
  --md=C:\Users\Edgar\AppData\Local\Temp\xcAsdns.dat -E1 -ver=XC8 Compiler \
  --acfsm=1493 -ACODE=00h-07FFhx4 -ASTRCODE=00h-01FFFh -ASTRING=00h-0FFhx32 \
  -ACONST=00h-0FFhx32 -AENTRY=00h-0FFhx32 -ACOMMON=070h-07Fh \
  -ABANK0=020h-06Fh -ABANK1=0A0h-0EFh -ABANK2=0110h-016Fh \
  -ABANK3=0190h-01EFh -ARAM=020h-06Fh,0A0h-0EFh,0110h-016Fh,0190h-01EFh \
  -AABS1=020h-07Fh,0A0h-0EFh,0110h-016Fh,0190h-01EFh -ASFR0=00h-01Fh \
  -ASFR1=080h-09Fh -ASFR2=0100h-010Fh -ASFR3=0180h-018Fh \
  -ACONFIG=02007h-02008h -DCONFIG=2 -AIDLOC=02000h-02003h -DIDLOC=2 \
  -AEEDATA=00h-0FFh/02100h -peeprom_data=EEDATA -DEEDATA=2 -DCODE=2 \
  -DSTRCODE=2 -DSTRING=2 -DCONST=2 -DENTRY=2 \
  -preset_vec=00h,intentry=04h,init,end_init -ppowerup=CODE -pcinit=CODE \
  -pfunctab=ENTRY -k C:\Users\Edgar\AppData\Local\Temp\xcAsdns.o \
  dist/default/production\Slave_2.X.production.o 

Object code version is 3.11

Machine type is 16F887



                Name                               Link     Load   Length Selector   Space Scale
C:\Users\Edgar\AppData\Local\Temp\xcAsdns.o
                end_init                             10       10        3        8       0
                reset_vec                             0        0        3        0       0
                config                             2007     2007        2        0       4
                idloc                              2000     2000        4        0       5
dist/default/production\Slave_2.X.production.o
                cinit                                13       13       1E        8       0
                intentry                              4        4        C        8       0
                config                             2007     2007        2        0       4
                idloc                              2000     2000        4        0       5
                text18                              C5A      C5A      1D3     18B4       0
                text17                             17B0     17B0       27     2F60       0
                text16                              376      376      345        8       0
                text15                              92E      92E       78     125C       0
                text14                              AE8      AE8       B8     15D0       0
                text13                              9A6      9A6       90     134C       0
                text12                              A36      A36       B2     146C       0
                text11                              84A      84A       36     1094       0
                text10                             1790     1790       20     2F20       0
                text9                               8C9      8C9       65     1192       0
                text8                              1776     1776       1A     2EEC       0
                text7                               819      819       31     1032       0
                text6                               E2D      E2D      1D3     1C5A       0
                text5                              17D7     17D7       29     2FAE       0
                text4                                31       31      345        8       0
                text3                               783      783       78        8       0
                text2                               BA0      BA0       BA     1740       0
                text1                               6BB      6BB       C8        8       0
                maintext                            880      880       49     1100       0
                cstackBANK0                          20       20       4E       20       1
                cstackCOMMON                         70       70        E       70       1
                cstackBANK1                          A0       A0       4F       A0       1
                cstackBANK3                         1C8      1C8        B      190       1
                clrtext                             811      811        8     1022       0
                dataBANK3                           1D3      1D3        2      190       1
                bssBANK3                            190      190       38      190       1
                bssBANK0                             6E       6E        1       20       1
                idataBANK3                          7FB      7FB        2        8       0

TOTAL           Name                               Link     Load   Length     Space
        CLASS   CODE           
                end_init                             10       10        3         0
                cinit                                13       13       1E         0
                intentry                              4        4        C         0
                reset_vec                             0        0        3         0
                text18                              C5A      C5A      1D3         0
                text17                             17B0     17B0       27         0
                text16                              376      376      345         0
                text15                              92E      92E       78         0
                text14                              AE8      AE8       B8         0
                text13                              9A6      9A6       90         0
                text12                              A36      A36       B2         0
                text11                              84A      84A       36         0
                text10                             1790     1790       20         0
                text9                               8C9      8C9       65         0
                text8                              1776     1776       1A         0
                text7                               819      819       31         0
                text6                               E2D      E2D      1D3         0
                text5                              17D7     17D7       29         0
                text4                                31       31      345         0
                text3                               783      783       78         0
                text2                               BA0      BA0       BA         0
                text1                               6BB      6BB       C8         0
                maintext                            880      880       49         0
                clrtext                             811      811        8         0
                idataBANK3                          7FB      7FB        2         0

        CLASS   STRCODE        

        CLASS   STRING         

        CLASS   CONST          

        CLASS   ENTRY          

        CLASS   COMMON         
                cstackCOMMON                         70       70        E         1

        CLASS   BANK0          
                cstackBANK0                          20       20       4E         1
                bssBANK0                             6E       6E        1         1

        CLASS   BANK1          
                cstackBANK1                          A0       A0       4F         1

        CLASS   BANK2          

        CLASS   BANK3          
                cstackBANK3                         1C8      1C8        B         1
                dataBANK3                           1D3      1D3        2         1
                bssBANK3                            190      190       38         1

        CLASS   RAM            

        CLASS   ABS1           
                abs_s1                               7E       7E        2         1

        CLASS   SFR0           

        CLASS   SFR1           

        CLASS   SFR2           

        CLASS   SFR3           

        CLASS   CONFIG         
                config                             2007     2007        2         4

        CLASS   IDLOC          
                idloc                              2000     2000        4         5

        CLASS   EEDATA         

        CLASS   STACK          



SEGMENTS        Name                           Load    Length   Top    Selector   Space  Class     Delta

                reset_vec                      000000  000003  000003         0       0  CODE        2
                intentry                       000004  0007F9  0007FD         8       0  CODE        2
                cstackBANK0                    000020  00004F  00006F        20       1  BANK0       1
                cstackCOMMON                   000070  00000E  00007E        70       1  COMMON      1
                cstackBANK1                    0000A0  00004F  0000EF        A0       1  BANK1       1
                bssBANK3                       000190  000045  0001D5       190       1  BANK3       1
                clrtext                        000811  000008  000819      1022       0  CODE        2
                text7                          000819  000031  00084A      1032       0  CODE        2
                text11                         00084A  000036  000880      1094       0  CODE        2
                maintext                       000880  000049  0008C9      1100       0  CODE        2
                text9                          0008C9  000065  00092E      1192       0  CODE        2
                text15                         00092E  000078  0009A6      125C       0  CODE        2
                text13                         0009A6  000090  000A36      134C       0  CODE        2
                text12                         000A36  0000B2  000AE8      146C       0  CODE        2
                text14                         000AE8  0000B8  000BA0      15D0       0  CODE        2
                text2                          000BA0  0000BA  000C5A      1740       0  CODE        2
                text18                         000C5A  0001D3  000E2D      18B4       0  CODE        2
                text6                          000E2D  0001D3  001000      1C5A       0  CODE        2
                text8                          001776  00001A  001790      2EEC       0  CODE        2
                text10                         001790  000020  0017B0      2F20       0  CODE        2
                text17                         0017B0  000027  0017D7      2F60       0  CODE        2
                text5                          0017D7  000029  001800      2FAE       0  CODE        2


UNUSED ADDRESS RANGES

        Name                Unused          Largest block    Delta
        BANK0            006F-006F              1           1
        BANK1            00EF-00EF              1           1
        BANK2            0110-016F             60           1
        BANK3            01D5-01EF             1B           1
        CODE             0003-0003              1           2
                         07FD-0810              3
                         1000-1775            776
                         1800-1FFF            800
        CONST            0003-0003              1           2
                         07FD-0810              3
                         1000-1775            100
                         1800-1FFF            100
        EEDATA           2100-21FF            100           2
        ENTRY            0003-0003              1           2
                         07FD-0810              3
                         1000-1775            100
                         1800-1FFF            100
        RAM              006F-006F              1           1
                         00EF-00EF              1
                         0110-016F             60
                         01D5-01EF             1B
        SFR0             0000-001F             20           1
        SFR1             0080-009F             20           1
        SFR2             0100-010F             10           1
        SFR3             0180-018F             10           1
        STRCODE          0003-0003              1           2
                         07FD-0810             14
                         1000-1775            776
                         1800-1FFF            800
        STRING           0003-0003              1           2
                         07FD-0810              3
                         1000-1775            100
                         1800-1FFF            100

                                  Symbol Table

?__Umul8_16                                  cstackBANK1  00A0
?___fldiv                                    cstackBANK1  00C8
?___flmul                                    cstackBANK1  00AE
?___fltol                                    cstackBANK1  00E2
?___xxtofl                                   cstackBANK1  00A0
?_ultrasonic_measure_distance                cstackBANK1  00EC
?i1__Umul8_16                                cstackCOMMON 0070
?i1___fldiv                                  cstackBANK0  003A
?i1___flmul                                  cstackBANK0  0020
?i1___fltol                                  cstackBANK0  0054
?i1___xxtofl                                 cstackCOMMON 0070
?i1_ultrasonic_measure_distance              cstackBANK0  005E
I2C_Slave_Init@address                       cstackBANK1  00A0
Lcd_Cmd@a                                    cstackBANK1  00A3
Lcd_Port@a                                   cstackBANK1  00A0
_ANSEL                                       (abs)        0188
_ANSELH                                      (abs)        0189
_BF                                          (abs)        04A0
_GIE                                         (abs)        005F
_I2C_Slave_Init                              text8        1776
_INTCONbits                                  (abs)        000B
_IOCBbits                                    (abs)        0096
_Lcd_Cmd                                     text10       1790
_Lcd_Init                                    text9        08C9
_Lcd_Port                                    text11       084A
_OPTION_REGbits                              (abs)        0081
_OSCCONbits                                  (abs)        008F
_PEIE                                        (abs)        005E
_PIR1bits                                    (abs)        000C
_PORTA                                       (abs)        0005
_PORTB                                       (abs)        0006
_PORTBbits                                   (abs)        0006
_PORTC                                       (abs)        0007
_PORTD                                       (abs)        0008
_PORTDbits                                   (abs)        0008
_PORTE                                       (abs)        0009
_RA0                                         (abs)        0028
_RA1                                         (abs)        0029
_SSPADD                                      (abs)        0093
_SSPBUF                                      (abs)        0013
_SSPCON                                      (abs)        0014
_SSPCON2                                     (abs)        0091
_SSPCON2bits                                 (abs)        0091
_SSPCONbits                                  (abs)        0014
_SSPIE                                       (abs)        0463
_SSPIF                                       (abs)        0063
_SSPSTAT                                     (abs)        0094
_SSPSTATbits                                 (abs)        0094
_T1CON                                       (abs)        0010
_T1CONbits                                   (abs)        0010
_TMR1H                                       (abs)        000F
_TMR1L                                       (abs)        000E
_TRISA                                       (abs)        0085
_TRISB                                       (abs)        0086
_TRISC                                       (abs)        0087
_TRISC3                                      (abs)        043B
_TRISC4                                      (abs)        043C
_TRISCbits                                   (abs)        0087
_TRISD                                       (abs)        0088
_TRISE                                       (abs)        0089
_WPUBbits                                    (abs)        0095
__Habs1                                      abs1         0000
__Hbank0                                     bank0        0000
__Hbank1                                     bank1        0000
__Hbank2                                     bank2        0000
__Hbank3                                     bank3        0000
__HbssBANK0                                  bssBANK0     0000
__HbssBANK3                                  bssBANK3     0000
__Hcinit                                     cinit        0031
__Hclrtext                                   clrtext      0000
__Hcode                                      code         0000
__Hcommon                                    common       0000
__Hconfig                                    config       2009
__HcstackBANK0                               cstackBANK0  0000
__HcstackBANK1                               cstackBANK1  0000
__HcstackBANK3                               cstackBANK3  0000
__HcstackCOMMON                              cstackCOMMON 0000
__HdataBANK3                                 dataBANK3    0000
__Heeprom_data                               eeprom_data  0000
__Hend_init                                  end_init     0013
__Hfunctab                                   functab      0000
__HidataBANK3                                idataBANK3   0000
__Hidloc                                     idloc        2004
__Hinit                                      init         0010
__Hintentry                                  intentry     0010
__Hmaintext                                  maintext     0000
__Hpowerup                                   powerup      0000
__Hram                                       ram          0000
__Hreset_vec                                 reset_vec    0003
__Hsfr0                                      sfr0         0000
__Hsfr1                                      sfr1         0000
__Hsfr2                                      sfr2         0000
__Hsfr3                                      sfr3         0000
__Hspace_0                                   (abs)        1800
__Hspace_1                                   (abs)        01D5
__Hspace_2                                   (abs)        0000
__Hspace_3                                   (abs)        0000
__Hspace_4                                   (abs)        4010
__Hstack                                     stack        0000
__Hstrings                                   strings      0000
__Htext                                      text         0000
__Labs1                                      abs1         0000
__Lbank0                                     bank0        0000
__Lbank1                                     bank1        0000
__Lbank2                                     bank2        0000
__Lbank3                                     bank3        0000
__LbssBANK0                                  bssBANK0     0000
__LbssBANK3                                  bssBANK3     0000
__Lcinit                                     cinit        0013
__Lclrtext                                   clrtext      0000
__Lcode                                      code         0000
__Lcommon                                    common       0000
__Lconfig                                    config       0000
__LcstackBANK0                               cstackBANK0  0000
__LcstackBANK1                               cstackBANK1  0000
__LcstackBANK3                               cstackBANK3  0000
__LcstackCOMMON                              cstackCOMMON 0000
__LdataBANK3                                 dataBANK3    0000
__Leeprom_data                               eeprom_data  0000
__Lend_init                                  end_init     0010
__Lfunctab                                   functab      0000
__LidataBANK3                                idataBANK3   0000
__Lidloc                                     idloc        0000
__Linit                                      init         0010
__Lintentry                                  intentry     0004
__Lmaintext                                  maintext     0000
__Lpowerup                                   powerup      0000
__Lram                                       ram          0000
__Lreset_vec                                 reset_vec    0000
__Lsfr0                                      sfr0         0000
__Lsfr1                                      sfr1         0000
__Lsfr2                                      sfr2         0000
__Lsfr3                                      sfr3         0000
__Lspace_0                                   (abs)        0000
__Lspace_1                                   (abs)        0000
__Lspace_2                                   (abs)        0000
__Lspace_3                                   (abs)        0000
__Lspace_4                                   (abs)        0000
__Lstack                                     stack        0000
__Lstrings                                   strings      0000
__Ltext                                      text         0000
__S0                                         (abs)        1800
__S1                                         (abs)        01D5
__S3                                         (abs)        0000
__Umul8_16                                   text5        17D7
__Umul8_16@multiplicand                      cstackBANK1  00A0
__Umul8_16@multiplier                        cstackBANK1  00A8
__Umul8_16@product                           cstackBANK1  00A4
__Umul8_16@word_mpld                         cstackBANK1  00A6
___fldiv                                     text6        0E2D
___fldiv@a                                   cstackBANK1  00C8
___fldiv@aexp                                cstackBANK1  00E1
___fldiv@b                                   cstackBANK1  00CC
___fldiv@bexp                                cstackBANK1  00E0
___fldiv@grs                                 cstackBANK1  00DC
___fldiv@new_exp                             cstackBANK1  00DA
___fldiv@rem                                 cstackBANK1  00D5
___fldiv@sign                                cstackBANK1  00D9
___flmul                                     text4        0031
___flmul@a                                   cstackBANK1  00B2
___flmul@aexp                                cstackBANK1  00C0
___flmul@b                                   cstackBANK1  00AE
___flmul@bexp                                cstackBANK1  00C1
___flmul@grs                                 cstackBANK1  00BC
___flmul@prod                                cstackBANK1  00C2
___flmul@sign                                cstackBANK1  00BB
___flmul@temp                                cstackBANK1  00C6
___fltol                                     text3        0783
___fltol@exp1                                cstackBANK1  00EB
___fltol@f1                                  cstackBANK1  00E2
___fltol@sign1                               cstackBANK1  00EA
___int_sp                                    stack        0000
___latbits                                   (abs)        0002
___sp                                        stack        0000
___stackhi                                   (abs)        0000
___stacklo                                   (abs)        0000
___xxtofl                                    text2        0BA0
___xxtofl@arg                                cstackBANK1  00AA
___xxtofl@exp                                cstackBANK1  00A9
___xxtofl@sign                               cstackBANK1  00A8
___xxtofl@val                                cstackBANK1  00A0
__end_of_I2C_Slave_Init                      text8        1790
__end_of_Lcd_Cmd                             text10       17B0
__end_of_Lcd_Init                            text9        092E
__end_of_Lcd_Port                            text11       0880
__end_of__Umul8_16                           text5        1800
__end_of___fldiv                             text6        1000
__end_of___flmul                             text4        0376
__end_of___fltol                             text3        07FB
__end_of___xxtofl                            text2        0C5A
__end_of__initialization                     cinit        002D
__end_of_isr                                 text12       0AE8
__end_of_main                                maintext     08C9
__end_of_setup                               text7        084A
__end_of_ultrasonic_measure_distance         text1        0783
__end_ofi1__Umul8_16                         text17       17D7
__end_ofi1___fldiv                           text18       0E2D
__end_ofi1___flmul                           text16       06BB
__end_ofi1___fltol                           text15       09A6
__end_ofi1___xxtofl                          text14       0BA0
__end_ofi1_ultrasonic_measure_distance       text13       0A36
__initialization                             cinit        0013
__pbssBANK0                                  bssBANK0     006E
__pbssBANK3                                  bssBANK3     0190
__pcstackBANK0                               cstackBANK0  0020
__pcstackBANK1                               cstackBANK1  00A0
__pcstackBANK3                               cstackBANK3  01C8
__pcstackCOMMON                              cstackCOMMON 0070
__pdataBANK3                                 dataBANK3    01D3
__pidataBANK3                                idataBANK3   07FB
__pintentry                                  intentry     0004
__pmaintext                                  maintext     0880
__ptext1                                     text1        06BB
__ptext10                                    text10       1790
__ptext11                                    text11       084A
__ptext12                                    text12       0A36
__ptext13                                    text13       09A6
__ptext14                                    text14       0AE8
__ptext15                                    text15       092E
__ptext16                                    text16       0376
__ptext17                                    text17       17B0
__ptext18                                    text18       0C5A
__ptext2                                     text2        0BA0
__ptext3                                     text3        0783
__ptext4                                     text4        0031
__ptext5                                     text5        17D7
__ptext6                                     text6        0E2D
__ptext7                                     text7        0819
__ptext8                                     text8        1776
__ptext9                                     text9        08C9
_distanceF                                   bssBANK3     01C6
_isr                                         text12       0A36
_main                                        maintext     0880
_received                                    bssBANK3     01C4
_setup                                       text7        0819
_toggle                                      dataBANK3    01D3
_ultrasonic_measure_distance                 text1        06BB
_ultrasonic_measure_distance$1310            cstackBANK3  01C8
_z                                           bssBANK3     01C2
btemp                                        (abs)        007E
clear_ram0                                   clrtext      0811
end_of_initialization                        cinit        002D
i1__Umul8_16                                 text17       17B0
i1__Umul8_16@multiplicand                    cstackCOMMON 0070
i1__Umul8_16@multiplier                      cstackCOMMON 0078
i1__Umul8_16@product                         cstackCOMMON 0074
i1__Umul8_16@word_mpld                       cstackCOMMON 0076
i1___fldiv                                   text18       0C5A
i1___fldiv@a                                 cstackBANK0  003A
i1___fldiv@aexp                              cstackBANK0  0053
i1___fldiv@b                                 cstackBANK0  003E
i1___fldiv@bexp                              cstackBANK0  0052
i1___fldiv@grs                               cstackBANK0  004E
i1___fldiv@new_exp                           cstackBANK0  004C
i1___fldiv@rem                               cstackBANK0  0047
i1___fldiv@sign                              cstackBANK0  004B
i1___flmul                                   text16       0376
i1___flmul@a                                 cstackBANK0  0024
i1___flmul@aexp                              cstackBANK0  0032
i1___flmul@b                                 cstackBANK0  0020
i1___flmul@bexp                              cstackBANK0  0033
i1___flmul@grs                               cstackBANK0  002E
i1___flmul@prod                              cstackBANK0  0034
i1___flmul@sign                              cstackBANK0  002D
i1___flmul@temp                              cstackBANK0  0038
i1___fltol                                   text15       092E
i1___fltol@exp1                              cstackBANK0  005D
i1___fltol@f1                                cstackBANK0  0054
i1___fltol@sign1                             cstackBANK0  005C
i1___xxtofl                                  text14       0AE8
i1___xxtofl@arg                              cstackCOMMON 007A
i1___xxtofl@exp                              cstackCOMMON 0079
i1___xxtofl@sign                             cstackCOMMON 0078
i1___xxtofl@val                              cstackCOMMON 0070
i1_ultrasonic_measure_distance               text13       09A6
i1_ultrasonic_measure_distance$1400          cstackBANK0  0061
i1ultrasonic_measure_distance@distance       cstackBANK0  0067
i1ultrasonic_measure_distance@pulse_duration cstackBANK0  0065
interrupt_function                           intentry     0004
intlevel0                                    functab      0000
intlevel1                                    functab      0000
intlevel2                                    functab      0000
intlevel3                                    functab      0000
intlevel4                                    functab      0000
intlevel5                                    functab      0000
reset_vec                                    reset_vec    0000
saved_w                                      (abs)        007E
start                                        init         0010
start_initialization                         cinit        0013
ultrasonic_measure_distance@distance         cstackBANK3  01CE
ultrasonic_measure_distance@pulse_duration   cstackBANK3  01CC
wtemp0                                       (abs)        007E


MODULE INFORMATION

Module		Function		Class		Link	Load	Size
C:\Program Files\Microchip\xc8\v2.40\pic\sources\c90\common\fltol.c
		___fltol       		CODE           	0783	0000	120

C:\Program Files\Microchip\xc8\v2.40\pic\sources\c90\common\fltol.c estimated size: 120

i2c.c
		_I2C_Slave_Init		CODE           	1776	0000	26

i2c.c estimated size: 26

C:\Program Files\Microchip\xc8\v2.40\pic\sources\c90\common\sprcmul.c
		___flmul       		CODE           	0031	0000	837

C:\Program Files\Microchip\xc8\v2.40\pic\sources\c90\common\sprcmul.c estimated size: 837

C:\Program Files\Microchip\xc8\v2.40\pic\sources\c90\common\sprcdiv.c
		___fldiv       		CODE           	0E2D	0000	467

C:\Program Files\Microchip\xc8\v2.40\pic\sources\c90\common\sprcdiv.c estimated size: 467

C:\Program Files\Microchip\xc8\v2.40\pic\sources\c90\common\Umul8_16.c
		__Umul8_16     		CODE           	17D7	0000	41

C:\Program Files\Microchip\xc8\v2.40\pic\sources\c90\common\Umul8_16.c estimated size: 41

shared
		i1__Umul8_16   		CODE           	17B0	0000	39
		i1_ultrasonic_measure_distance		CODE           	09A6	0000	144
		i1___fldiv     		CODE           	0C5A	0000	467
		i1___fltol     		CODE           	092E	0000	120
		__initialization		CODE           	0013	0000	26
		i1___flmul     		CODE           	0376	0000	837
		i1___xxtofl    		CODE           	0AE8	0000	184

shared estimated size: 1817

main.c
		_main          		CODE           	0880	0000	73
		_isr           		CODE           	0A36	0000	178
		_setup         		CODE           	0819	0000	49
		_ultrasonic_measure_distance		CODE           	06BB	0000	200

main.c estimated size: 500

C:\Program Files\Microchip\xc8\v2.40\pic\sources\c90\common\xxtofl.c
		___xxtofl      		CODE           	0BA0	0000	186

C:\Program Files\Microchip\xc8\v2.40\pic\sources\c90\common\xxtofl.c estimated size: 186

LCD.c
		_Lcd_Init      		CODE           	08C9	0000	101
		_Lcd_Cmd       		CODE           	1790	0000	32
		_Lcd_Port      		CODE           	084A	0000	54

LCD.c estimated size: 187

